// Jest Snapshot v1, https://goo.gl/fbAQLP

exports[`renders correctly 1`] = `
<div
  className="NimbledroidSummaryTable-root-1"
>
  <div>
    <button
      className="MuiButtonBase-root-29 MuiButton-root-3 MuiButton-text-5 MuiButton-flat-8"
      disabled={false}
      onBlur={[Function]}
      onClick={[Function]}
      onFocus={[Function]}
      onKeyDown={[Function]}
      onKeyUp={[Function]}
      onMouseDown={[Function]}
      onMouseLeave={[Function]}
      onMouseUp={[Function]}
      onTouchEnd={[Function]}
      onTouchMove={[Function]}
      onTouchStart={[Function]}
      tabIndex="0"
      type="button"
    >
      <span
        className="MuiButton-label-4"
      >
        Show detailed view
      </span>
      <span
        className="MuiTouchRipple-root-32"
      />
    </button>
    <div
      className="NimbledroidSummaryTable-summary-2"
    >
      <div>
        <div
          className="status-widget status-red padded"
        >
          <span
            className=""
          >
            GeckoView &gt; 20% slower than Chrome Beta
          </span>
          <span>
            37/46
          </span>
        </div>
      </div>
      <div>
        <div
          className="status-widget status-yellow padded"
        >
          <span
            className=""
          >
            GeckoView &gt; 0% and &lt;= 20% slower than Chrome Beta
          </span>
          <span>
            2/46
          </span>
        </div>
      </div>
      <div>
        <div
          className="status-widget status-green padded"
        >
          <span
            className=""
          >
            GeckoView &lt;= 0% (i.e. faster than) Chrome Beta
          </span>
          <span>
            7/46
          </span>
        </div>
      </div>
    </div>
  </div>
</div>
`;
