// Jest Snapshot v1, https://goo.gl/fbAQLP

exports[`renders correctly 1`] = `
<div
  className="DashboardPage-root-4 Home-root-1"
>
  <div
    className="DashboardPage-title-5"
  >
    <h1>
      Firefox health
      <small
        className="DashboardPage-subtitle-6"
      >
        Tracking metrics for Firefox products
      </small>
    </h1>
  </div>
  <div
    className="Home-links-2"
  >
    <a
      href="/android"
      onClick={[Function]}
    >
      Android
    </a>
    <a
      href="/quantum/32"
      onClick={[Function]}
    >
      Quantum 32bit
    </a>
    <a
      href="/quantum/64"
      onClick={[Function]}
    >
      Quantum 64bit
    </a>
    <a
      href="/js-team"
      onClick={[Function]}
    >
      JS team
    </a>
  </div>
  <div
    className="Home-netlify-3"
  >
    <a
      href="https://www.netlify.com"
    >
      <img
        alt="Netlify"
        src="https://www.netlify.com/img/global/badges/netlify-dark.svg"
      />
    </a>
  </div>
</div>
`;
